// Jest Snapshot v1, https://goo.gl/fbAQLP

exports[`<Color /> UI Component Rendering for UI Renders correct properties 1`] = `"<section class=\\"color\\"><header class=\\"color__header\\"><h1 class=\\"color__title\\">Test Color</h1><button class=\\"color__remove\\" title=\\"remove color\\">x</button></header><div class=\\"color__block\\" style=\\"background-color:#f0f0f0\\"></div><footer class=\\"color__footer\\"><div class=\\"color__rating star-rating\\"><div class=\\"star-rating__stars\\"><div class=\\"star-rating__star star star--selected\\"></div><div class=\\"star-rating__star star star--selected\\"></div><div class=\\"star-rating__star star star--selected\\"></div><div class=\\"star-rating__star star\\"></div><div class=\\"star-rating__star star\\"></div></div><p class=\\"star-rating__total\\">3 of 5</p></div><div class=\\"color__timeago time-ago\\">4/11/2016</div></footer></section>"`;
